11:27:33 **** Incremental Build of configuration Debug for project 004_ledOn ****
make -j16 all 
arm-none-eabi-gcc "../Src/main.c" -mcpu=cortex-m4 -std=gnu11 -g3 -DDEBUG -DSTM32 -DSTM32F407G_DISC1 -DSTM32F4 -DSTM32F407VGTx -c -I../Inc -O0 -ffunction-sections -fdata-sections -Wall -fstack-usage -fcyclomatic-complexity -MMD -MP -MF"Src/main.d" -MT"Src/main.o" --specs=nano.specs -mfloat-abi=soft -mthumb -o "Src/main.o"
arm-none-eabi-gcc -o "004_ledOn.elf" @"objects.list"   -mcpu=cortex-m4 -T"D:\Embedded-C\My_Workspace\Target\004_ledOn\STM32F407VGTX_FLASH.ld" --specs=nosys.specs -Wl,-Map="004_ledOn.map" -Wl,--gc-sections -static --specs=nano.specs -mfloat-abi=soft -mthumb -Wl,--start-group -lc -lm -Wl,--end-group
Finished building target: 004_ledOn.elf
 
arm-none-eabi-size  004_ledOn.elf 
arm-none-eabi-objdump -h -S 004_ledOn.elf  > "004_ledOn.list"
   text	   data	    bss	    dec	    hex	filename
    768	      0	   1568	   2336	    920	004_ledOn.elf
Finished building: default.size.stdout
 
Finished building: 004_ledOn.list
 

11:27:34 Build Finished. 0 errors, 0 warnings. (took 1s.218ms)

