15:47:57 **** Build of configuration Debug for project 008_LedToggleWithStructure ****
make -j16 all 
arm-none-eabi-gcc "../Src/main.c" -mcpu=cortex-m4 -std=gnu11 -g3 -DDEBUG -DSTM32 -DSTM32F407G_DISC1 -DSTM32F4 -DSTM32F407VGTx -c -I../Inc -O0 -ffunction-sections -fdata-sections -Wall -fstack-usage -fcyclomatic-complexity -MMD -MP -MF"Src/main.d" -MT"Src/main.o" --specs=nano.specs -mfloat-abi=soft -mthumb -o "Src/main.o"
arm-none-eabi-gcc -o "008_LedToggleWithStructure.elf" @"objects.list"   -mcpu=cortex-m4 -T"D:\Embedded-C\My_Workspace\Target\008_LedToggleWithStructure\STM32F407VGTX_FLASH.ld" --specs=nosys.specs -Wl,-Map="008_LedToggleWithStructure.map" -Wl,--gc-sections -static --specs=nano.specs -mfloat-abi=soft -mthumb -Wl,--start-group -lc -lm -Wl,--end-group
Finished building target: 008_LedToggleWithStructure.elf
 
arm-none-eabi-size  008_LedToggleWithStructure.elf 
arm-none-eabi-objdump -h -S 008_LedToggleWithStructure.elf  > "008_LedToggleWithStructure.list"
   text	   data	    bss	    dec	    hex	filename
    712	      0	   1568	   2280	    8e8	008_LedToggleWithStructure.elf
Finished building: default.size.stdout
 
Finished building: 008_LedToggleWithStructure.list
 

15:47:58 Build Finished. 0 errors, 0 warnings. (took 1s.426ms)

