00:36:51 **** Incremental Build of configuration Debug for project 009_KeyboardInterfacing ****
make -j16 all 
arm-none-eabi-gcc "../Src/main.c" -mcpu=cortex-m4 -std=gnu11 -g3 -DDEBUG -DSTM32 -DSTM32F407G_DISC1 -DSTM32F4 -DSTM32F407VGTx -c -I../Inc -O0 -ffunction-sections -fdata-sections -Wall -fstack-usage -fcyclomatic-complexity -MMD -MP -MF"Src/main.d" -MT"Src/main.o" --specs=nano.specs -mfloat-abi=soft -mthumb -o "Src/main.o"
arm-none-eabi-gcc -o "009_KeyboardInterfacing.elf" @"objects.list"   -mcpu=cortex-m4 -T"D:\Embedded-C\My_Workspace\Target\009_KeyboardInterfacing\STM32F407VGTX_FLASH.ld" --specs=nosys.specs -Wl,-Map="009_KeyboardInterfacing.map" -Wl,--gc-sections -static --specs=nano.specs -mfloat-abi=soft -mthumb -Wl,--start-group -lc -lm -Wl,--end-group
Finished building target: 009_KeyboardInterfacing.elf
 
arm-none-eabi-size  009_KeyboardInterfacing.elf 
arm-none-eabi-objdump -h -S 009_KeyboardInterfacing.elf  > "009_KeyboardInterfacing.list"
   text	   data	    bss	    dec	    hex	filename
   5620	     92	   1900	   7612	   1dbc	009_KeyboardInterfacing.elf
Finished building: default.size.stdout
 
Finished building: 009_KeyboardInterfacing.list
 

00:36:52 Build Finished. 0 errors, 0 warnings. (took 1s.419ms)

